
> kickoff-ai@0.1.0 build
> next build

  Γû▓ Next.js 14.2.35
  - Environments: .env.local

   Creating an optimized production build ...
> [PWA] Compile server
> [PWA] Compile server
> [PWA] Compile client (static)
> [PWA] Auto register service worker with: C:\AI_ML_PROJECTS\Online\FIFA2026\node_modules\next-pwa\register.js
> [PWA] Service worker: C:\AI_ML_PROJECTS\Online\FIFA2026\public\sw.js
> [PWA]   url: /sw.js
> [PWA]   scope: /
 Γ£ô Compiled successfully
   Linting and checking validity of types ...

./src/app/api/monitoring/vercel-status/route.ts
180:26  Warning: Unexpected any. Specify a different type.  @typescript-eslint/no-explicit-any

./src/app/terms/page.tsx
146:44  Warning: `"` can be escaped with `&quot;`, `&ldquo;`, `&#34;`, `&rdquo;`.  react/no-unescaped-entities
146:50  Warning: `"` can be escaped with `&quot;`, `&ldquo;`, `&#34;`, `&rdquo;`.  react/no-unescaped-entities

./src/components/layout/LiveTicker.tsx
9:41  Warning: `'` can be escaped with `&apos;`, `&lsquo;`, `&#39;`, `&rsquo;`.  react/no-unescaped-entities
27:41  Warning: `'` can be escaped with `&apos;`, `&lsquo;`, `&#39;`, `&rsquo;`.  react/no-unescaped-entities

./src/components/pwa/PWAInstallPrompt.tsx
30:32  Warning: Unexpected any. Specify a different type.  @typescript-eslint/no-explicit-any

./src/hooks/useConsent.ts
57:6  Warning: React Hook useEffect has a missing dependency: 'consentService'. Either include it or remove the dependency array.  react-hooks/exhaustive-deps

./src/hooks/useEnhancedLiveMatches.ts
133:6  Warning: React Hook useCallback has a missing dependency: 'showLiveMatchNotification'. Either include it or remove the dependency array.  react-hooks/exhaustive-deps

./src/hooks/useLiveMatchTracker.ts
8:3  Warning: 'LiveMatchTrackerOptions' is defined but never used.  @typescript-eslint/no-unused-vars
22:5  Warning: 'pollInterval' is assigned a value but never used.  @typescript-eslint/no-unused-vars
24:5  Warning: 'competitions' is assigned a value but never used.  @typescript-eslint/no-unused-vars

./src/hooks/usePWA.ts
25:30  Warning: Unexpected any. Specify a different type.  @typescript-eslint/no-explicit-any

./src/hooks/useSportsData.ts
102:14  Warning: Unexpected any. Specify a different type.  @typescript-eslint/no-explicit-any
273:20  Warning: Unexpected any. Specify a different type.  @typescript-eslint/no-explicit-any
274:17  Warning: Unexpected any. Specify a different type.  @typescript-eslint/no-explicit-any

./src/hooks/useVenues.ts
69:6  Warning: React Hook useEffect has a missing dependency: 'loadVenues'. Either include it or remove the dependency array.  react-hooks/exhaustive-deps

./src/hooks/useVercelMonitoring.ts
110:20  Warning: Unexpected any. Specify a different type.  @typescript-eslint/no-explicit-any

./src/lib/performance/intelligentCache.ts
38:46  Warning: Unexpected any. Specify a different type.  @typescript-eslint/no-explicit-any
270:39  Warning: Unexpected any. Specify a different type.  @typescript-eslint/no-explicit-any
304:11  Warning: 'now' is assigned a value but never used.  @typescript-eslint/no-unused-vars
327:52  Warning: Unexpected any. Specify a different type.  @typescript-eslint/no-explicit-any

./src/lib/performance/metricsLogger.ts
20:29  Warning: Unexpected any. Specify a different type.  @typescript-eslint/no-explicit-any

./src/lib/performance/rateLimitManager.ts
63:24  Warning: Unexpected any. Specify a different type.  @typescript-eslint/no-explicit-any
64:23  Warning: Unexpected any. Specify a different type.  @typescript-eslint/no-explicit-any
65:32  Warning: Unexpected any. Specify a different type.  @typescript-eslint/no-explicit-any
342:34  Warning: Unexpected any. Specify a different type.  @typescript-eslint/no-explicit-any

./src/lib/performance/resourceMonitor.ts
430:13  Warning: Unexpected any. Specify a different type.  @typescript-eslint/no-explicit-any

./src/lib/performance/vercelOptimizer.ts
151:20  Warning: Unexpected any. Specify a different type.  @typescript-eslint/no-explicit-any
152:22  Warning: Unexpected any. Specify a different type.  @typescript-eslint/no-explicit-any
158:13  Warning: Unexpected any. Specify a different type.  @typescript-eslint/no-explicit-any
214:51  Warning: Unexpected any. Specify a different type.  @typescript-eslint/no-explicit-any
249:48  Warning: Unexpected any. Specify a different type.  @typescript-eslint/no-explicit-any
285:48  Warning: Unexpected any. Specify a different type.  @typescript-eslint/no-explicit-any
288:9  Warning: '_' is defined but never used.  @typescript-eslint/no-unused-vars
311:52  Warning: Unexpected any. Specify a different type.  @typescript-eslint/no-explicit-any
352:51  Warning: Unexpected any. Specify a different type.  @typescript-eslint/no-explicit-any
463:22  Warning: Unexpected any. Specify a different type.  @typescript-eslint/no-explicit-any
464:24  Warning: Unexpected any. Specify a different type.  @typescript-eslint/no-explicit-any

./src/lib/reddit/contentFilter.ts
8:26  Warning: 'RedditContentFilterType' is defined but never used.  @typescript-eslint/no-unused-vars

./src/lib/reddit/redditService.ts
10:3  Warning: 'RedditPost' is defined but never used.  @typescript-eslint/no-unused-vars

./src/middleware/privacy.ts
91:75  Warning: Unexpected any. Specify a different type.  @typescript-eslint/no-explicit-any

./src/middleware/rateLimitMiddleware.ts
38:5  Warning: 'response' is defined but never used.  @typescript-eslint/no-unused-vars
165:11  Warning: Unexpected any. Specify a different type.  @typescript-eslint/no-explicit-any

./src/types/ai-agents.ts
3:23  Warning: 'Competition' is defined but never used.  @typescript-eslint/no-unused-vars
3:36  Warning: 'User' is defined but never used.  @typescript-eslint/no-unused-vars
25:29  Warning: Unexpected any. Specify a different type.  @typescript-eslint/no-explicit-any
33:29  Warning: Unexpected any. Specify a different type.  @typescript-eslint/no-explicit-any
277:28  Warning: Unexpected any. Specify a different type.  @typescript-eslint/no-explicit-any

./src/utils/index.ts
80:46  Warning: Unexpected any. Specify a different type.  @typescript-eslint/no-explicit-any
80:56  Warning: Unexpected any. Specify a different type.  @typescript-eslint/no-explicit-any
94:46  Warning: Unexpected any. Specify a different type.  @typescript-eslint/no-explicit-any
94:56  Warning: Unexpected any. Specify a different type.  @typescript-eslint/no-explicit-any

./src/utils/serviceWorker.ts
82:53  Warning: Unexpected any. Specify a different type.  @typescript-eslint/no-explicit-any
82:67  Warning: Unexpected any. Specify a different type.  @typescript-eslint/no-explicit-any

info  - Need to disable some ESLint rules? Learn more here: https://nextjs.org/docs/basic-features/eslint#disabling-rules
node.exe : Failed to compile.
At line:1 char:1
+ & "C:\Program Files\nodejs/node.exe" "C:\Program 
Files\nodejs/node_mo ...
+ ~~~~~~~~~~~~~~~~~~~~~~~~~~~~~~~~~~~~~~~~~~~~~~~~~~~~~~~~~~~~~
~~~~~~~~
    + CategoryInfo          : NotSpecified: (Failed to 
compile.    :String) [], RemoteException
    + FullyQualifiedErrorId : NativeCommandError
 

./src/components/layout/Layout.tsx:25:30
Type error: Type '{ className: string | undefined; }' is not 
assignable to type 'IntrinsicAttributes'.
  Property 'className' does not exist on type 
'IntrinsicAttributes'.

[0m [90m 23 |[39m   [36mreturn[39m ([0m
[0m [90m 24 |[39m     [33m<[39m[33mdiv[39m 
className[33m=[39m[32m"min-h-screen bg-background 
text-foreground"[39m[33m>[39m[0m
[0m[31m[1m>[22m[39m[90m 25 |[39m       {showHeader 
[33m&&[39m [33m<[39m[33mHeader[39m 
className[33m=[39m{headerClassName} 
[33m/[39m[33m>[39m}[0m
[0m [90m    |[39m                              
[31m[1m^[22m[39m[0m
[0m [90m 26 |[39m[0m
[0m [90m 27 |[39m       [33m<[39m[33mmain[39m[0m
[0m [90m 28 |[39m         className[33m=[39m{cn([0m
Next.js build worker exited with code: 1 and signal: null
