  Γû▓ Next.js 14.2.35
  - Environments: .env.local

   Creating an optimized production build ...
> [PWA] Compile server
> [PWA] Compile server
> [PWA] Compile client (static)
> [PWA] Auto register service worker with: C:\AI_ML_PROJECTS\Online\FIFA2026\node_modules\next-pwa\register.js
> [PWA] Service worker: C:\AI_ML_PROJECTS\Online\FIFA2026\public\sw.js
> [PWA]   url: /sw.js
> [PWA]   scope: /
 Γ£ô Compiled successfully
   Linting and checking validity of types ...

./src/app/api/chat/route.ts
43:55  Warning: Unexpected any. Specify a different type.  @typescript-eslint/no-explicit-any

./src/app/api/monitoring/vercel-status/route.ts
180:26  Warning: Unexpected any. Specify a different type.  @typescript-eslint/no-explicit-any

./src/app/api/reddit/route.ts
22:23  Warning: Unexpected any. Specify a different type.  @typescript-eslint/no-explicit-any
23:20  Warning: Unexpected any. Specify a different type.  @typescript-eslint/no-explicit-any

./src/app/brackets/page.tsx
4:25  Warning: 'ChevronRight' is defined but never used.  @typescript-eslint/no-unused-vars
4:39  Warning: 'Info' is defined but never used.  @typescript-eslint/no-unused-vars

./src/app/layout.tsx
1:25  Warning: 'Viewport' is defined but never used.  @typescript-eslint/no-unused-vars

./src/app/live/page.tsx
229:23  Warning: Using `<img>` could result in slower LCP and higher bandwidth. Consider using `<Image />` from `next/image` to automatically optimize images. This may incur additional usage or cost from your provider. See: https://nextjs.org/docs/messages/no-img-element  @next/next/no-img-element
253:23  Warning: Using `<img>` could result in slower LCP and higher bandwidth. Consider using `<Image />` from `next/image` to automatically optimize images. This may incur additional usage or cost from your provider. See: https://nextjs.org/docs/messages/no-img-element  @next/next/no-img-element

./src/app/teams/page.tsx
57:19  Warning: Using `<img>` could result in slower LCP and higher bandwidth. Consider using `<Image />` from `next/image` to automatically optimize images. This may incur additional usage or cost from your provider. See: https://nextjs.org/docs/messages/no-img-element  @next/next/no-img-element

./src/app/teams/[teamId]/page.tsx
4:23  Warning: 'Team' is defined but never used.  @typescript-eslint/no-unused-vars
78:19  Warning: Using `<img>` could result in slower LCP and higher bandwidth. Consider using `<Image />` from `next/image` to automatically optimize images. This may incur additional usage or cost from your provider. See: https://nextjs.org/docs/messages/no-img-element  @next/next/no-img-element
117:11  Warning: Using `<img>` could result in slower LCP and higher bandwidth. Consider using `<Image />` from `next/image` to automatically optimize images. This may incur additional usage or cost from your provider. See: https://nextjs.org/docs/messages/no-img-element  @next/next/no-img-element
117:11  Warning: img elements must have an alt prop, either with meaningful text, or an empty string for decorative images.  jsx-a11y/alt-text
124:11  Warning: Using `<img>` could result in slower LCP and higher bandwidth. Consider using `<Image />` from `next/image` to automatically optimize images. This may incur additional usage or cost from your provider. See: https://nextjs.org/docs/messages/no-img-element  @next/next/no-img-element

./src/components/layout/LiveTicker.tsx
9:41  Warning: `'` can be escaped with `&apos;`, `&lsquo;`, `&#39;`, `&rsquo;`.  react/no-unescaped-entities
27:41  Warning: `'` can be escaped with `&apos;`, `&lsquo;`, `&#39;`, `&rsquo;`.  react/no-unescaped-entities

./src/components/pwa/PWAInstallPrompt.tsx
30:32  Warning: Unexpected any. Specify a different type.  @typescript-eslint/no-explicit-any

./src/components/teams/PlayerModal.tsx
107:19  Warning: Using `<img>` could result in slower LCP and higher bandwidth. Consider using `<Image />` from `next/image` to automatically optimize images. This may incur additional usage or cost from your provider. See: https://nextjs.org/docs/messages/no-img-element  @next/next/no-img-element
183:21  Warning: `"` can be escaped with `&quot;`, `&ldquo;`, `&#34;`, `&rdquo;`.  react/no-unescaped-entities
183:39  Warning: `"` can be escaped with `&quot;`, `&ldquo;`, `&#34;`, `&rdquo;`.  react/no-unescaped-entities

./src/hooks/usePWA.ts
25:30  Warning: Unexpected any. Specify a different type.  @typescript-eslint/no-explicit-any

./src/hooks/useVercelMonitoring.ts
110:20  Warning: Unexpected any. Specify a different type.  @typescript-eslint/no-explicit-any

./src/lib/performance/intelligentCache.ts
38:46  Warning: Unexpected any. Specify a different type.  @typescript-eslint/no-explicit-any
270:39  Warning: Unexpected any. Specify a different type.  @typescript-eslint/no-explicit-any
304:11  Warning: 'now' is assigned a value but never used.  @typescript-eslint/no-unused-vars
327:52  Warning: Unexpected any. Specify a different type.  @typescript-eslint/no-explicit-any

./src/lib/performance/metricsLogger.ts
20:29  Warning: Unexpected any. Specify a different type.  @typescript-eslint/no-explicit-any

./src/lib/performance/rateLimitManager.ts
63:24  Warning: Unexpected any. Specify a different type.  @typescript-eslint/no-explicit-any
64:23  Warning: Unexpected any. Specify a different type.  @typescript-eslint/no-explicit-any
65:32  Warning: Unexpected any. Specify a different type.  @typescript-eslint/no-explicit-any
342:34  Warning: Unexpected any. Specify a different type.  @typescript-eslint/no-explicit-any

./src/lib/performance/resourceMonitor.ts
432:13  Warning: Unexpected any. Specify a different type.  @typescript-eslint/no-explicit-any

./src/lib/performance/vercelOptimizer.ts
153:20  Warning: Unexpected any. Specify a different type.  @typescript-eslint/no-explicit-any
154:22  Warning: Unexpected any. Specify a different type.  @typescript-eslint/no-explicit-any
160:13  Warning: Unexpected any. Specify a different type.  @typescript-eslint/no-explicit-any
216:51  Warning: Unexpected any. Specify a different type.  @typescript-eslint/no-explicit-any
251:48  Warning: Unexpected any. Specify a different type.  @typescript-eslint/no-explicit-any
287:48  Warning: Unexpected any. Specify a different type.  @typescript-eslint/no-explicit-any
290:9  Warning: '_' is defined but never used.  @typescript-eslint/no-unused-vars
313:52  Warning: Unexpected any. Specify a different type.  @typescript-eslint/no-explicit-any
354:51  Warning: Unexpected any. Specify a different type.  @typescript-eslint/no-explicit-any
465:22  Warning: Unexpected any. Specify a different type.  @typescript-eslint/no-explicit-any
466:24  Warning: Unexpected any. Specify a different type.  @typescript-eslint/no-explicit-any

./src/lib/reddit/redditService.ts
10:3  Warning: 'RedditPost' is defined but never used.  @typescript-eslint/no-unused-vars

./src/middleware/rateLimitMiddleware.ts
38:5  Warning: 'response' is defined but never used.  @typescript-eslint/no-unused-vars
165:11  Warning: Unexpected any. Specify a different type.  @typescript-eslint/no-explicit-any

./src/types/ai-agents.ts
3:23  Warning: 'Competition' is defined but never used.  @typescript-eslint/no-unused-vars
3:36  Warning: 'User' is defined but never used.  @typescript-eslint/no-unused-vars
25:29  Warning: Unexpected any. Specify a different type.  @typescript-eslint/no-explicit-any
33:29  Warning: Unexpected any. Specify a different type.  @typescript-eslint/no-explicit-any
277:28  Warning: Unexpected any. Specify a different type.  @typescript-eslint/no-explicit-any

./src/utils/index.ts
80:46  Warning: Unexpected any. Specify a different type.  @typescript-eslint/no-explicit-any
80:56  Warning: Unexpected any. Specify a different type.  @typescript-eslint/no-explicit-any
94:46  Warning: Unexpected any. Specify a different type.  @typescript-eslint/no-explicit-any
94:56  Warning: Unexpected any. Specify a different type.  @typescript-eslint/no-explicit-any

./src/utils/serviceWorker.ts
82:53  Warning: Unexpected any. Specify a different type.  @typescript-eslint/no-explicit-any
82:67  Warning: Unexpected any. Specify a different type.  @typescript-eslint/no-explicit-any

info  - Need to disable some ESLint rules? Learn more here: https://nextjs.org/docs/basic-features/eslint#disabling-rules
   Collecting page data ...
   Generating static pages (0/18) ...
node.exe :  ΓÜá Unsupported metadata themeColor is configured 
in metadata export in /standings. Please move it to viewport 
export instead.
At line:1 char:1
+ & "C:\Program Files\nodejs/node.exe" "C:\Program 
Files\nodejs/node_mo ...
+ ~~~~~~~~~~~~~~~~~~~~~~~~~~~~~~~~~~~~~~~~~~~~~~~~~~~~~~~~~~~~~
~~~~~~~~
    + CategoryInfo          : NotSpecified: ( ΓÜá Unsupporte.. 
   .export instead.:String) [], RemoteException
    + FullyQualifiedErrorId : NativeCommandError
 
Read more: https://nextjs.org/docs/app/api-reference/functions/
generate-viewport
 ΓÜá Unsupported metadata viewport is configured in metadata 
export in /standings. Please move it to viewport export 
instead.
Read more: https://nextjs.org/docs/app/api-reference/functions/
generate-viewport
 ΓÜá Unsupported metadata themeColor is configured in metadata 
export in /standings. Please move it to viewport export 
instead.
Read more: https://nextjs.org/docs/app/api-reference/functions/
generate-viewport
 ΓÜá Unsupported metadata viewport is configured in metadata 
export in /standings. Please move it to viewport export 
instead.
Read more: https://nextjs.org/docs/app/api-reference/functions/
generate-viewport
 ΓÜá Unsupported metadata themeColor is configured in metadata 
export in /. Please move it to viewport export instead.
Read more: https://nextjs.org/docs/app/api-reference/functions/
generate-viewport
 ΓÜá Unsupported metadata viewport is configured in metadata 
export in /. Please move it to viewport export instead.
Read more: https://nextjs.org/docs/app/api-reference/functions/
generate-viewport
 ΓÜá Unsupported metadata themeColor is configured in metadata 
export in /. Please move it to viewport export instead.
Read more: https://nextjs.org/docs/app/api-reference/functions/
generate-viewport
 ΓÜá Unsupported metadata viewport is configured in metadata 
export in /. Please move it to viewport export instead.
Read more: https://nextjs.org/docs/app/api-reference/functions/
generate-viewport
 ΓÜá Unsupported metadata themeColor is configured in metadata 
export in /agents. Please move it to viewport export instead.
Read more: https://nextjs.org/docs/app/api-reference/functions/
generate-viewport
 ΓÜá Unsupported metadata viewport is configured in metadata 
export in /agents. Please move it to viewport export instead.
Read more: https://nextjs.org/docs/app/api-reference/functions/
generate-viewport
 ΓÜá Unsupported metadata themeColor is configured in metadata 
export in /agents. Please move it to viewport export instead.
Read more: https://nextjs.org/docs/app/api-reference/functions/
generate-viewport
 ΓÜá Unsupported metadata viewport is configured in metadata 
export in /agents. Please move it to viewport export instead.
Read more: https://nextjs.org/docs/app/api-reference/functions/
generate-viewport
 ΓÜá Unsupported metadata themeColor is configured in metadata 
export in /live. Please move it to viewport export instead.
Read more: https://nextjs.org/docs/app/api-reference/functions/
generate-viewport
 ΓÜá Unsupported metadata viewport is configured in metadata 
export in /live. Please move it to viewport export instead.
Read more: https://nextjs.org/docs/app/api-reference/functions/
generate-viewport
 ΓÜá Unsupported metadata themeColor is configured in metadata 
export in /live. Please move it to viewport export instead.
Read more: https://nextjs.org/docs/app/api-reference/functions/
generate-viewport
 ΓÜá Unsupported metadata viewport is configured in metadata 
export in /live. Please move it to viewport export instead.
Read more: https://nextjs.org/docs/app/api-reference/functions/
generate-viewport
 ΓÜá Unsupported metadata themeColor is configured in metadata 
export in /stats. Please move it to viewport export instead.
Read more: https://nextjs.org/docs/app/api-reference/functions/
generate-viewport
 ΓÜá Unsupported metadata viewport is configured in metadata 
export in /stats. Please move it to viewport export instead.
Read more: https://nextjs.org/docs/app/api-reference/functions/
generate-viewport
 ΓÜá Unsupported metadata themeColor is configured in metadata 
export in /stats. Please move it to viewport export instead.
Read more: https://nextjs.org/docs/app/api-reference/functions/
generate-viewport
 ΓÜá Unsupported metadata viewport is configured in metadata 
export in /stats. Please move it to viewport export instead.
Read more: https://nextjs.org/docs/app/api-reference/functions/
generate-viewport
 ΓÜá Unsupported metadata themeColor is configured in metadata 
export in /brackets. Please move it to viewport export instead.
Read more: https://nextjs.org/docs/app/api-reference/functions/
generate-viewport
 ΓÜá Unsupported metadata viewport is configured in metadata 
export in /brackets. Please move it to viewport export instead.
Read more: https://nextjs.org/docs/app/api-reference/functions/
generate-viewport
 ΓÜá Unsupported metadata themeColor is configured in metadata 
export in /brackets. Please move it to viewport export instead.
Read more: https://nextjs.org/docs/app/api-reference/functions/
generate-viewport
 ΓÜá Unsupported metadata viewport is configured in metadata 
export in /brackets. Please move it to viewport export instead.
Read more: https://nextjs.org/docs/app/api-reference/functions/
generate-viewport
 ΓÜá Unsupported metadata themeColor is configured in metadata 
export in /teams. Please move it to viewport export instead.
Read more: https://nextjs.org/docs/app/api-reference/functions/
generate-viewport
 ΓÜá Unsupported metadata viewport is configured in metadata 
export in /teams. Please move it to viewport export instead.
Read more: https://nextjs.org/docs/app/api-reference/functions/
generate-viewport
 ΓÜá Unsupported metadata themeColor is configured in metadata 
export in /teams. Please move it to viewport export instead.
Read more: https://nextjs.org/docs/app/api-reference/functions/
generate-viewport
 ΓÜá Unsupported metadata viewport is configured in metadata 
export in /teams. Please move it to viewport export instead.
Read more: https://nextjs.org/docs/app/api-reference/functions/
generate-viewport
 ΓÜá Unsupported metadata themeColor is configured in metadata 
export in /preferences. Please move it to viewport export 
instead.
Read more: https://nextjs.org/docs/app/api-reference/functions/
generate-viewport
 ΓÜá Unsupported metadata viewport is configured in metadata 
export in /preferences. Please move it to viewport export 
instead.
Read more: https://nextjs.org/docs/app/api-reference/functions/
generate-viewport
 ΓÜá Unsupported metadata themeColor is configured in metadata 
export in /preferences. Please move it to viewport export 
instead.
Read more: https://nextjs.org/docs/app/api-reference/functions/
generate-viewport
 ΓÜá Unsupported metadata viewport is configured in metadata 
export in /preferences. Please move it to viewport export 
instead.
Read more: https://nextjs.org/docs/app/api-reference/functions/
generate-viewport
 ΓÜá Unsupported metadata themeColor is configured in metadata 
export in /_not-found. Please move it to viewport export 
instead.
Read more: https://nextjs.org/docs/app/api-reference/functions/
generate-viewport
 ΓÜá Unsupported metadata viewport is configured in metadata 
export in /_not-found. Please move it to viewport export 
instead.
Read more: https://nextjs.org/docs/app/api-reference/functions/
generate-viewport
 ΓÜá Unsupported metadata themeColor is configured in metadata 
export in /_not-found. Please move it to viewport export 
instead.
Read more: https://nextjs.org/docs/app/api-reference/functions/
generate-viewport
 ΓÜá Unsupported metadata viewport is configured in metadata 
export in /_not-found. Please move it to viewport export 
instead.
Read more: https://nextjs.org/docs/app/api-reference/functions/
generate-viewport
   Generating static pages (4/18) 
   Generating static pages (8/18) 
 ΓÜá Unsupported metadata themeColor is configured in metadata 
export in /map. Please move it to viewport export instead.
Read more: https://nextjs.org/docs/app/api-reference/functions/
generate-viewport
 ΓÜá Unsupported metadata viewport is configured in metadata 
export in /map. Please move it to viewport export instead.
Read more: https://nextjs.org/docs/app/api-reference/functions/
generate-viewport
 ΓÜá Unsupported metadata themeColor is configured in metadata 
export in /map. Please move it to viewport export instead.
Read more: https://nextjs.org/docs/app/api-reference/functions/
generate-viewport
 ΓÜá Unsupported metadata viewport is configured in metadata 
export in /map. Please move it to viewport export instead.
Read more: https://nextjs.org/docs/app/api-reference/functions/
generate-viewport
 ΓÜá Unsupported metadata themeColor is configured in metadata 
export in /community. Please move it to viewport export 
instead.
Read more: https://nextjs.org/docs/app/api-reference/functions/
generate-viewport
 ΓÜá Unsupported metadata viewport is configured in metadata 
export in /community. Please move it to viewport export 
instead.
Read more: https://nextjs.org/docs/app/api-reference/functions/
generate-viewport
 ΓÜá Unsupported metadata themeColor is configured in metadata 
export in /community. Please move it to viewport export 
instead.
Read more: https://nextjs.org/docs/app/api-reference/functions/
generate-viewport
 ΓÜá Unsupported metadata viewport is configured in metadata 
export in /community. Please move it to viewport export 
instead.
Read more: https://nextjs.org/docs/app/api-reference/functions/
generate-viewport
   Generating static pages (13/18) 
 Γ£ô Generating static pages (18/18)
   Finalizing page optimization ...
   Collecting build traces ...

Route (app)                              Size     First Load JS
Γöî Γùï /                                    176 B          96.2 kB
Γö£ Γùï /_not-found                          873 B          88.2 kB
Γö£ Γùï /agents                              2.65 kB         139 kB
Γö£ ╞Æ /agents/[agentId]                    38.5 kB         175 kB
Γö£ ╞Æ /api/chat                            0 B                0 B
Γö£ Γùï /api/matches                         0 B                0 B
Γö£ ╞Æ /api/monitoring/vercel-status        0 B                0 B
Γö£ ╞Æ /api/player-profile                  0 B                0 B
Γö£ Γùï /api/reddit                          0 B                0 B
Γö£ Γùï /brackets                            2.65 kB          90 kB
Γö£ Γùï /community                           2.49 kB        89.8 kB
Γö£ Γùï /live                                4.05 kB        91.4 kB
Γö£ Γùï /map                                 3.6 kB         90.9 kB
Γö£ Γùï /preferences                         3.44 kB        90.8 kB
Γö£ Γùï /standings                           2.68 kB          90 kB
Γö£ Γùï /stats                               2.88 kB        90.2 kB
Γö£ Γùï /teams                               2.94 kB          99 kB
Γöö ╞Æ /teams/[teamId]                      7.2 kB          143 kB
+ First Load JS shared by all            87.3 kB
  Γö£ chunks/117-54482fa8787b0730.js       31.7 kB
  Γö£ chunks/fd9d1056-4a9853f3fae16b4a.js  53.6 kB
  Γöö other shared chunks (total)          1.95 kB


Γùï  (Static)   prerendered as static content
╞Æ  (Dynamic)  server-rendered on demand

